warning: unused variable: `shell_type`
  --> src/mcp/builtin/workspace/persistent_shell.rs:91:9
   |
91 |         shell_type: ShellType,
   |         ^^^^^^^^^^ help: if this is intentional, prefix it with an underscore: `_shell_type`
   |
   = note: `#[warn(unused_variables)]` (part of `#[warn(unused)]`) on by default

warning: `libragent` (lib) generated 1 warning
    Finished `test` profile [unoptimized + debuginfo] target(s) in 1.89s
     Running unittests src/main.rs (src-tauri/target/debug/deps/libragent-2454a3b81bb3dc91)

running 0 tests

test result: ok. 0 passed; 0 failed; 0 ignored; 0 measured; 0 filtered out; finished in 0.00s

     Running tests/common.rs (src-tauri/target/debug/deps/common-7d543698acbea3e8)

running 0 tests

test result: ok. 0 passed; 0 failed; 0 ignored; 0 measured; 0 filtered out; finished in 0.00s

     Running tests/playbook_integration_test.rs (src-tauri/target/debug/deps/playbook_integration_test-fccc2e26afe96f29)

running 2 tests
test test_playbook_ui_rendering_integration ... ok
test test_playbook_ui_interaction_flow ... ok

test result: ok. 2 passed; 0 failed; 0 ignored; 0 measured; 0 filtered out; finished in 0.05s

     Running tests/seaorm_migration_verification.rs (src-tauri/target/debug/deps/seaorm_migration_verification-b56cd84c383e4b58)

running 7 tests
test test_content_store_schema ... ok
test test_assistant_crud_operations ... ok
test test_knowledge_crud_operations ... ok
test test_all_migrations_run_successfully ... ok
test test_mcp_server_crud_operations ... ok
test test_playbook_crud_operations ... ok
test test_settings_crud_operations ... ok

test result: ok. 7 passed; 0 failed; 0 ignored; 0 measured; 0 filtered out; finished in 0.13s

   Doc-tests tauri_mcp_agent_lib

running 4 tests
test src/commands/mcp_commands.rs - commands::mcp_commands::start_oauth_flow (line 371) ... ignored
test src/mcp/builtin/workspace/utils.rs - mcp::builtin::workspace::utils::sanitize_command_for_logging (line 18) ... ignored
test src/mcp/service_proxy_manager.rs - mcp::service_proxy_manager::MCPServiceProxyManager::call_tool (line 318) ... ignored
test src/mcp/service_proxy_manager.rs - mcp::service_proxy_manager::MCPServiceProxyManager::create_proxy (line 177) ... ignored

test result: ok. 0 passed; 0 failed; 4 ignored; 0 measured; 0 filtered out; finished in 0.00s
